
== latent mediator (n=300) ==
max|SE diff| vs OpenMx:
  expected, n/2      : 2.41e-03
  observed, n/2      : 5.02e-06
  observed, (n-1)/2  : 2.11e-04
  expected, (n-1)/2  : 2.57e-03
  OpenMx hessian vs n*H_obs     : max rel diff 2.23e+06
  OpenMx hessian vs (n-1)*H_obs : max rel diff 2.24e+06
  OpenMx hessian vs n*H_exp     : max rel diff 1.17e+10
  OpenMx hessian vs (n-1)*H_exp : max rel diff 1.17e+10
  OpenMx -2LL (minus sat.) vs n*F_ML, (n-1)*F_ML : 1634.710970 | 4.339101 | 4.324637

== observed path model (n=400) ==
max|SE diff| vs OpenMx:
  expected, n/2      : 3.38e-07
  observed, n/2      : 3.39e-07
  observed, (n-1)/2  : 9.50e-05
  expected, (n-1)/2  : 9.50e-05
  OpenMx hessian vs n*H_obs     : max rel diff 7.12e+08
  OpenMx hessian vs (n-1)*H_obs : max rel diff 7.14e+08
  OpenMx hessian vs n*H_exp     : max rel diff 1.97e+12
  OpenMx hessian vs (n-1)*H_exp : max rel diff 1.97e+12
  OpenMx -2LL (minus sat.) vs n*F_ML, (n-1)*F_ML : 1674.305151 | -0.000000 | -0.000000
observed model: max|d_est| (S*n/(n-1) input): 2.23e-07 
divisor-n input, variance ratio OpenMx/native (vm, vy): 0.9974999 0.9975002  expected (n-1)/n = 0.9975 
latent: max|d_est| (S*n/(n-1) input): 2.32e-06 
