    model    n   start       solver reps lavaan_skipped reported_conv match_lavaan ms_per_fit
   latent   50 default nloptr_SLSQP   30              0         1.000        1.000       28.7
   latent   50 default nloptr_LBFGS   30              0         1.000        1.000       19.8
   latent   50 default       nlminb   30              0         0.000        1.000       13.7
   latent   50 default   optim_BFGS   30              0         1.000        1.000       17.6
   latent   50 default       ucminf   30              0         1.000        1.000       18.0
   latent   50  random nloptr_SLSQP   30              0         1.000        1.000       32.7
   latent   50  random nloptr_LBFGS   30              0         0.967        0.833      247.2
   latent   50  random       nlminb   30              0         0.000        1.000       15.5
   latent   50  random   optim_BFGS   30              0         0.900        0.900      254.0
   latent   50  random       ucminf   30              0         1.000        1.000       21.1
   latent  200 default nloptr_SLSQP   30              0         1.000        1.000       28.0
   latent  200 default nloptr_LBFGS   30              0         1.000        1.000       17.3
   latent  200 default       nlminb   30              0         0.000        1.000       12.9
   latent  200 default   optim_BFGS   30              0         1.000        1.000       14.9
   latent  200 default       ucminf   30              0         1.000        1.000       17.2
   latent  200  random nloptr_SLSQP   30              0         1.000        1.000       35.4
   latent  200  random nloptr_LBFGS   30              0         0.933        0.767      299.4
   latent  200  random       nlminb   30              0         0.000        1.000       16.8
   latent  200  random   optim_BFGS   30              0         0.967        0.900      225.3
   latent  200  random       ucminf   30              0         1.000        1.000       23.6
   latent 1000 default nloptr_SLSQP   30              0         1.000        1.000       31.2
   latent 1000 default nloptr_LBFGS   30              0         1.000        1.000       17.6
   latent 1000 default       nlminb   30              0         0.000        1.000       13.9
   latent 1000 default   optim_BFGS   30              0         1.000        1.000       16.1
   latent 1000 default       ucminf   30              0         1.000        1.000       18.5
   latent 1000  random nloptr_SLSQP   30              0         1.000        1.000       33.9
   latent 1000  random nloptr_LBFGS   30              0         0.900        0.900      112.7
   latent 1000  random       nlminb   30              0         0.033        1.000       15.3
   latent 1000  random   optim_BFGS   30              0         0.967        0.933      130.8
   latent 1000  random       ucminf   30              0         1.000        0.967       21.5
  obs_cov   50 default nloptr_SLSQP   30              0         1.000        1.000       23.5
  obs_cov   50 default nloptr_LBFGS   30              0         0.933        1.000       13.9
  obs_cov   50 default       nlminb   30              0         0.000        1.000       12.4
  obs_cov   50 default   optim_BFGS   30              0         1.000        1.000       18.0
  obs_cov   50 default       ucminf   30              0         1.000        1.000       14.6
  obs_cov   50  random nloptr_SLSQP   30              0         0.967        0.967       30.2
  obs_cov   50  random nloptr_LBFGS   30              0         0.900        0.967       66.6
  obs_cov   50  random       nlminb   30              0         0.000        1.000       15.0
  obs_cov   50  random   optim_BFGS   30              0         1.000        1.000       47.8
  obs_cov   50  random       ucminf   30              0         1.000        0.967       18.2
  obs_cov  200 default nloptr_SLSQP   30              0         1.000        1.000       23.6
  obs_cov  200 default nloptr_LBFGS   30              0         1.000        1.000       12.5
  obs_cov  200 default       nlminb   30              0         0.000        1.000       11.7
  obs_cov  200 default   optim_BFGS   30              0         1.000        1.000       17.2
  obs_cov  200 default       ucminf   30              0         1.000        1.000       13.2
  obs_cov  200  random nloptr_SLSQP   30              0         0.933        0.933       28.9
  obs_cov  200  random nloptr_LBFGS   30              0         0.867        0.967       59.6
  obs_cov  200  random       nlminb   30              0         0.000        1.000       14.7
  obs_cov  200  random   optim_BFGS   30              0         1.000        1.000       87.3
  obs_cov  200  random       ucminf   30              0         1.000        0.933       14.7
  obs_cov 1000 default nloptr_SLSQP   30              0         1.000        1.000       22.6
  obs_cov 1000 default nloptr_LBFGS   30              0         0.933        1.000       13.0
  obs_cov 1000 default       nlminb   30              0         0.033        1.000       12.0
  obs_cov 1000 default   optim_BFGS   30              0         1.000        1.000       17.6
  obs_cov 1000 default       ucminf   30              0         1.000        1.000       13.6
  obs_cov 1000  random nloptr_SLSQP   30              0         0.967        0.967       28.3
  obs_cov 1000  random nloptr_LBFGS   30              0         0.933        0.967       61.3
  obs_cov 1000  random       nlminb   30              0         0.000        1.000       14.1
  obs_cov 1000  random   optim_BFGS   30              0         1.000        1.000       52.9
  obs_cov 1000  random       ucminf   30              0         1.000        0.967       14.6
 parallel   50 default nloptr_SLSQP   30              0         1.000        1.000       24.6
 parallel   50 default nloptr_LBFGS   30              0         0.933        1.000       14.3
 parallel   50 default       nlminb   30              0         0.033        1.000       13.8
 parallel   50 default   optim_BFGS   30              0         1.000        1.000       17.6
 parallel   50 default       ucminf   30              0         1.000        1.000       15.6
 parallel   50  random nloptr_SLSQP   30              0         1.000        1.000       33.1
 parallel   50  random nloptr_LBFGS   30              0         0.967        1.000       23.9
 parallel   50  random       nlminb   30              0         0.000        1.000       17.1
 parallel   50  random   optim_BFGS   30              0         1.000        1.000       29.0
 parallel   50  random       ucminf   30              0         1.000        1.000       22.2
 parallel  200 default nloptr_SLSQP   30              0         1.000        1.000       22.7
 parallel  200 default nloptr_LBFGS   30              0         0.967        1.000       13.3
 parallel  200 default       nlminb   30              0         0.000        1.000       13.3
 parallel  200 default   optim_BFGS   30              0         1.000        1.000       17.7
 parallel  200 default       ucminf   30              0         1.000        1.000       14.1
 parallel  200  random nloptr_SLSQP   30              0         1.000        1.000       32.9
 parallel  200  random nloptr_LBFGS   30              0         0.767        1.000       63.3
 parallel  200  random       nlminb   30              0         0.000        1.000       16.5
 parallel  200  random   optim_BFGS   30              0         1.000        1.000       34.2
 parallel  200  random       ucminf   30              0         1.000        1.000       21.4
 parallel 1000 default nloptr_SLSQP   30              0         1.000        1.000       22.4
 parallel 1000 default nloptr_LBFGS   30              0         0.933        1.000       13.9
 parallel 1000 default       nlminb   30              0         0.000        1.000       12.6
 parallel 1000 default   optim_BFGS   30              0         1.000        1.000       16.2
 parallel 1000 default       ucminf   30              0         1.000        1.000       14.0
 parallel 1000  random nloptr_SLSQP   30              0         1.000        1.000       34.3
 parallel 1000  random nloptr_LBFGS   30              0         0.933        1.000       37.2
 parallel 1000  random       nlminb   30              0         0.000        1.000       16.6
 parallel 1000  random   optim_BFGS   30              0         1.000        1.000       38.0
 parallel 1000  random       ucminf   30              0         1.000        1.000       20.2

Summary over all cells (min match, max ms):
       solver match_lavaan.min match_lavaan.max ms_per_fit.min ms_per_fit.max
       nlminb            1.000            1.000           11.7           17.1
 nloptr_LBFGS            0.767            1.000           12.5          299.4
 nloptr_SLSQP            0.933            1.000           22.4           35.4
   optim_BFGS            0.900            1.000           14.9          254.0
       ucminf            0.933            1.000           13.2           23.6
